[zenon.network/index.html]
[backblue.gif]
[fade.gif]
[index.html]
[zenon.network/css/normalize.css]
[zenon.network/css/styles.css]
[zenon.network/css/fontawesome-all.min.css]
[zenon.network/css/rSlider.min.css]
[zenon.network/img/apple-touch-icon.png]
[zenon.network/img/favicon-32x32.png]
[zenon.network/img/favicon-16x16.png]
[zenon.network/img/logo.svg]
[zenon.network/img/magenta-icon.png]
[zenon.network/img/safari-pinned-tab.svg]
[zenon.network/img/green-icon.png]
[zenon.network/img/blue-icon.png]
[zenon.network/img/center_element.png]
[zenon.network/img/portal.png]
[zenon.network/img/pillar.svg]
[zenon.network/img/sentinel.svg]
[zenon.network/img/staking.svg]
[zenon.network/legacy/wallet.html]
[zenon.network/img/delegating.svg]
[zenon.network/download/whitepaper.pdf]
[zenon.network/js/rSlider.min.js]
[zenon.network/js/jquery-3.6.0.min.js]
[zenon.network/index.html]
[zenon.network/css/normalize.css]
[zenon.network/js/main.js]
[zenon.network/fonts/CircularStd-Book.eot]
[zenon.network/fonts/CircularStd-Bookd41d.eot]
[zenon.network/fonts/CircularStd-Book.woff]
[zenon.network/fonts/CircularStd-Book.ttf]
[zenon.network/fonts/CircularStd-MediumItalic.eot]
[zenon.network/fonts/CircularStd-MediumItalicd41d.eot]
[zenon.network/fonts/CircularStd-MediumItalic.woff]
[zenon.network/fonts/CircularStd-MediumItalic.ttf]
[zenon.network/fonts/CircularStd-Black.eot]
[zenon.network/fonts/CircularStd-Blackd41d.eot]
[zenon.network/fonts/CircularStd-Black.woff]
[zenon.network/fonts/CircularStd-Black.ttf]
[zenon.network/fonts/CircularStd-Medium.eot]
[zenon.network/fonts/CircularStd-Mediumd41d.eot]
[zenon.network/fonts/CircularStd-Medium.woff]
[zenon.network/fonts/CircularStd-Medium.ttf]
[zenon.network/fonts/CircularStd-Bold.eot]
[zenon.network/fonts/CircularStd-Boldd41d.eot]
[zenon.network/fonts/CircularStd-Bold.woff]
[zenon.network/fonts/CircularStd-Bold.ttf]
[zenon.network/fonts/CircularStd-BlackItalic.eot]
[zenon.network/fonts/CircularStd-BlackItalicd41d.eot]
[zenon.network/fonts/CircularStd-BlackItalic.woff]
[zenon.network/fonts/CircularStd-BlackItalic.ttf]
[zenon.network/fonts/CircularStd-BoldItalic.eot]
[zenon.network/fonts/CircularStd-BoldItalicd41d.eot]
[zenon.network/fonts/CircularStd-BoldItalic.woff]
[zenon.network/fonts/CircularStd-BoldItalic.ttf]
[zenon.network/fonts/Presicav-W00-Regular.eot]
[zenon.network/fonts/Presicav-W00-Regulard41d.eot]
[zenon.network/fonts/Presicav-W00-Regular.woff]
[zenon.network/fonts/Presicav-W00-Regular.ttf]
[zenon.network/fonts/Circula-Medium.ttf]
[zenon.network/fonts/Circula-Bold.ttf]
[zenon.network/fonts/Circula-Light.ttf]
[zenon.network/fonts/Circula-Heavy.ttf]
[zenon.network/fonts/Circula-Thin.ttf]
[zenon.network/img/circle-right.png]
[zenon.network/img/circle-left.png]
[zenon.network/img/znn.png]
[zenon.network/img/elipsis.png]
[zenon.network/img/pillar-bg.png]
[zenon.network/css/styles.css]
[zenon.network/webfonts/fa-brands-400.eot]
[zenon.network/webfonts/fa-brands-400d41d.eot]
[zenon.network/webfonts/fa-brands-400.woff]
[zenon.network/webfonts/fa-brands-400.ttf]
[zenon.network/webfonts/fa-brands-400.svg]
[zenon.network/webfonts/fa-regular-400.eot]
[zenon.network/webfonts/fa-regular-400d41d.eot]
[zenon.network/webfonts/fa-regular-400.woff]
[zenon.network/webfonts/fa-regular-400.ttf]
[zenon.network/webfonts/fa-regular-400.svg]
[zenon.network/webfonts/fa-solid-900.eot]
[zenon.network/webfonts/fa-solid-900d41d.eot]
[zenon.network/webfonts/fa-solid-900.woff]
[zenon.network/webfonts/fa-solid-900.ttf]
[zenon.network/css/fontawesome-all.min.css]
[zenon.network/css/rSlider.min.css]
[zenon.network/img/site.html]
[zenon.network/img/safari-pinned-tab.svg]
[zenon.network/img/logo.svg]
[zenon.network/img/pillar.svg]
[zenon.network/img/sentinel.svg]
[zenon.network/img/staking.svg]
[zenon.network/legacy/favicon/apple-touch-icon.png]
[zenon.network/webfonts/fa-solid-900.svg]
[zenon.network/legacy/favicon/favicon-32x32.png]
[zenon.network/legacy/favicon/favicon-16x16.png]
[zenon.network/legacy/favicon/safari-pinned-tab.svg]
[zenon.network/legacy/content/site/content/base/zenon/css-clean/extra.css]
[zenon.network/legacy/content/site/includes/js/jquery/jquery.js]
[zenon.network/legacy/content/site/includes/js/jquery/jquery-migrate.min.js]
[zenon.network/legacy/content/site/includes/js/mediaelement/mediaelement-and-player.min.js]
[zenon.network/legacy/content/site/includes/js/mediaelement/mediaelement-migrate.min.js]
[zenon.network/legacy/content/site/content/base/zenon/css/fonts/OpenSans-Light-webfont.eot]
[zenon.network/legacy/content/site/content/base/zenon/css/fonts/OpenSans-Light-webfont.woff]
[zenon.network/legacy/content/site/content/base/zenon/css/fonts/OpenSans-Light-webfont.ttf]
[zenon.network/legacy/content/site/content/base/zenon/css/fonts/OpenSans-Light-webfont.svg]
[zenon.network/legacy/content/site/content/base/zenon/css/fonts/OpenSans-Regular-webfont.eot]
[zenon.network/legacy/content/site/content/base/zenon/css/fonts/OpenSans-Regular-webfont.woff]
[zenon.network/legacy/content/site/content/base/zenon/css/fonts/OpenSans-Regular-webfont.ttf]
[zenon.network/legacy/content/site/content/base/zenon/css/fonts/OpenSans-Regular-webfont.svg]
[zenon.network/legacy/content/site/content/base/zenon/css/fonts/OpenSans-Semibold-webfont.eot]
[zenon.network/legacy/content/site/content/base/zenon/css/fonts/OpenSans-Semibold-webfont.woff]
[zenon.network/legacy/content/site/content/base/zenon/css/fonts/OpenSans-Semibold-webfont.ttf]
[zenon.network/legacy/content/site/content/base/zenon/css/fonts/OpenSans-Semibold-webfont.svg]
[zenon.network/legacy/content/site/content/base/zenon/css/fonts/OpenSansBold-webfont.eot]
[zenon.network/legacy/content/site/content/base/zenon/css/fonts/OpenSansBold-webfont.woff]
[zenon.network/legacy/content/site/content/base/zenon/css/fonts/OpenSansBold-webfont.ttf]
[zenon.network/legacy/content/site/content/base/zenon/css/fonts/OpenSansBold-webfont.svg]
[zenon.network/legacy/content/site/content/base/zenon/css/fonts/icomoon.eot]
[zenon.network/legacy/content/site/content/base/zenon/css/fonts/icomoon.woff]
[zenon.network/legacy/content/site/content/base/zenon/css/fonts/icomoon.ttf]
[zenon.network/legacy/content/site/content/base/zenon/css/fonts/icomoon.svg]
[zenon.network/legacy/res/logo-raster.png]
[zenon.network/legacy/download/whitepaper.pdf]
[zenon.network/legacy/portal.html]
[zenon.network/legacy/incubator.html]
[zenon.network/legacy/tracker.html]
[zenon.network/legacy/quasar.html]
[zenon.network/legacy/faq.html]
[zenon.network/legacy/content/site/includes/js/jquery/ui/core.min.js]
[zenon.network/legacy/content/site/includes/js/jquery/ui/widget.min.js]
[zenon.network/legacy/content/site/includes/js/jquery/ui/position.min.js]
[zenon.network/legacy/content/site/includes/js/jquery/ui/menu.min.js]
[zenon.network/legacy/content/site/content/base/zenon/js/modernizr.js]
[zenon.network/legacy/content/site/content/base/zenon/js/magnific.js]
[zenon.network/legacy/content/site/content/base/zenon/js/superfish.js]
[zenon.network/legacy/content/site/content/base/zenon/js/touchswipe.min.js]
[zenon.network/legacy/content/site/content/plugins/composer/assets/js/dist/composer.min.js]
[zenon.network/legacy/content/site/content/base/zenon/js/jquery.fullPage.min.js]
[zenon.network/legacy/content/site/content/base/zenon/js/init.js]
[zenon.network/legacy/wallet.html]
[zenon.network/img/delegating.svg]
[zenon.network/legacy/index.html]
[zenon.network/fonts/CircularStd-Book.html]
[zenon.network/fonts/CircularStd-MediumItalic.html]
[zenon.network/fonts/CircularStd-Black.html]
[zenon.network/fonts/CircularStd-Medium.html]
[zenon.network/fonts/CircularStd-Bold.html]
[zenon.network/fonts/CircularStd-BlackItalic.html]
[zenon.network/fonts/CircularStd-BoldItalic.html]
[zenon.network/fonts/Presicav-W00-Regular.html]
[zenon.network/webfonts/fa-brands-400.html]
[zenon.network/webfonts/fa-brands-400.svg]
[zenon.network/webfonts/fa-regular-400.html]
[zenon.network/webfonts/fa-regular-400.svg]
[zenon.network/webfonts/fa-solid-900.html]
[use.fontawesome.com/releases/v5.0.12/css/all.css]
[zenon.network/webfonts/fa-solid-900.svg]
[zenon.network/legacy/favicon/site.html]
[zenon.network/legacy/favicon/safari-pinned-tab.svg]
[zenon.network/res/bullet.png]
[zenon.network/legacy/content/site/content/base/zenon/css/fonts/linecons.eot]
[zenon.network/legacy/content/site/content/base/zenon/css/fonts/linecons.ttf]
[zenon.network/legacy/content/site/content/base/zenon/css/fonts/linecons.woff]
[zenon.network/legacy/content/site/content/base/zenon/css/fonts/linecons.svg]
[zenon.network/legacy/content/site/content/base/zenon/css/fonts/steadysets.eot]
[zenon.network/legacy/content/site/content/base/zenon/css/fonts/steadysets.ttf]
[zenon.network/legacy/content/site/content/base/zenon/css/fonts/steadysets.woff]
[zenon.network/legacy/content/site/content/base/zenon/css/fonts/steadysets.svg]
[zenon.network/legacy/content/site/content/base/zenon/css-clean/fonts/iconsmind218a.eot]
[zenon.network/legacy/content/site/content/base/zenon/css-clean/fonts/iconsmind218a.ttf]
[zenon.network/legacy/content/site/content/base/zenon/css-clean/fonts/iconsmind218a.woff]
[zenon.network/legacy/content/site/content/base/zenon/css-clean/fonts/iconsmind218a.svg]
[zenon.network/legacy/content/site/content/base/zenon/css-clean/demo/zenon-product/wp-content/plugins/js_composer_zenon/assets/fonts/vc_icons/fonts/VC-Icons.ttf]
[zenon.network/legacy/content/site/content/base/zenon/css-clean/demo/zenon-product/wp-content/plugins/js_composer_zenon/assets/fonts/vc_icons/fonts/VC-Icons.woff]
[zenon.network/legacy/content/site/content/base/zenon/css-clean/demo/zenon-product/wp-content/plugins/js_composer_zenon/assets/fonts/vc_icons/fonts/VC-Icons.svg]
[zenon.network/legacy/content/site/content/base/zenon/css-clean/demo/zenon-product/wp-content/plugins/js_composer_zenon/assets/fonts/vc_grid/vc_grid_v1.eot]
[zenon.network/legacy/content/site/content/base/zenon/css-clean/demo/zenon-product/wp-content/plugins/js_composer_zenon/assets/fonts/vc_grid/vc_grid_v1.woff]
[zenon.network/legacy/content/site/content/base/zenon/css-clean/demo/zenon-product/wp-content/plugins/js_composer_zenon/assets/fonts/vc_grid/vc_grid_v1.ttf]
[zenon.network/legacy/content/site/content/base/zenon/css-clean/demo/zenon-product/wp-content/plugins/js_composer_zenon/assets/fonts/vc_grid/vc_grid_v1.svg]
[zenon.network/legacy/content/site/content/base/zenon/css-clean/extra.css]
[zenon.network/legacy/content/site/content/base/zenon/css/fonts/OpenSans-Light-webfont.svg]
[zenon.network/legacy/content/site/content/base/zenon/css/fonts/OpenSans-Regular-webfont.svg]
[zenon.network/legacy/content/site/content/base/zenon/css/fonts/OpenSans-Semibold-webfont.svg]
[zenon.network/legacy/content/site/content/base/zenon/css/fonts/OpenSansBold-webfont.svg]
[zenon.network/legacy/content/site/content/base/zenon/css/fonts/icomoon.svg]
[zenon.network/legacy/download/whitepaper.html]
[zenon.network/legacy/portal.html]
[zenon.network/content/site/content/base/zenon/css-clean/extra.css]
[zenon.network/content/site/includes/js/jquery/jquery.js]
[zenon.network/content/site/includes/js/jquery/jquery-migrate.min.js]
[zenon.network/content/site/includes/js/mediaelement/mediaelement-and-player.min.js]
[zenon.network/content/site/includes/js/mediaelement/mediaelement-migrate.min.js]
[zenon.network/content/site/content/base/zenon/css/fonts/OpenSans-Light-webfont.eot]
[zenon.network/content/site/content/base/zenon/css/fonts/OpenSans-Light-webfont.woff]
[zenon.network/content/site/content/base/zenon/css/fonts/OpenSans-Light-webfont.ttf]
[zenon.network/content/site/content/base/zenon/css/fonts/OpenSans-Light-webfont.svg]
[zenon.network/content/site/content/base/zenon/css/fonts/OpenSans-Regular-webfont.eot]
[zenon.network/content/site/content/base/zenon/css/fonts/OpenSans-Regular-webfont.woff]
[zenon.network/content/site/content/base/zenon/css/fonts/OpenSans-Regular-webfont.ttf]
[zenon.network/content/site/content/base/zenon/css/fonts/OpenSans-Regular-webfont.svg]
[zenon.network/content/site/content/base/zenon/css/fonts/OpenSans-Semibold-webfont.eot]
[zenon.network/content/site/content/base/zenon/css/fonts/OpenSans-Semibold-webfont.woff]
[zenon.network/content/site/content/base/zenon/css/fonts/OpenSans-Semibold-webfont.ttf]
[zenon.network/content/site/content/base/zenon/css/fonts/OpenSans-Semibold-webfont.svg]
[zenon.network/content/site/content/base/zenon/css/fonts/OpenSansBold-webfont.woff]
[zenon.network/content/site/content/base/zenon/css/fonts/OpenSansBold-webfont.eot]
[zenon.network/content/site/content/base/zenon/css/fonts/OpenSansBold-webfont.ttf]
[zenon.network/content/site/content/base/zenon/css/fonts/OpenSansBold-webfont.svg]
[zenon.network/content/site/content/base/zenon/css/fonts/icomoon.eot]
[zenon.network/content/site/content/base/zenon/css/fonts/icomoon.woff]
[zenon.network/content/site/content/base/zenon/css/fonts/icomoon.ttf]
[zenon.network/content/site/content/base/zenon/css/fonts/icomoon.svg]
[zenon.network/res/logo-raster.png]
[zenon.network/content/site/includes/js/jquery/ui/core.min.js]
[zenon.network/content/site/includes/js/jquery/ui/widget.min.js]
[zenon.network/content/site/includes/js/jquery/ui/position.min.js]
[zenon.network/content/site/includes/js/jquery/ui/menu.min.js]
[zenon.network/content/site/content/base/zenon/js/modernizr.js]
[zenon.network/content/site/content/base/zenon/js/magnific.js]
[zenon.network/content/site/content/base/zenon/js/superfish.js]
[zenon.network/content/site/content/base/zenon/js/touchswipe.min.js]
[zenon.network/content/site/content/plugins/composer/assets/js/dist/composer.min.js]
[zenon.network/content/site/content/base/zenon/js/jquery.fullPage.min.js]
[zenon.network/legacy/incubator.html]
[zenon.network/legacy/tracker.html]
[zenon.network/quasar.html]
[zenon.network/content/site/content/base/zenon/js/init.js]
[cdn.zenon.network/content/site/content/base/zenon/css-clean/extraa9f2.css]
[zenon.network/legacy/res/play.svg]
[cdn.zenon.network/res/criticalf195.js]
[zenon.network/legacy/anims/medium/qsr/images/web027.jpg]
[zenon.network/wallet.html]
[zenon.network/legacy/quasar.html]
[zenon.network/legacy/faq.html]
[use.fontawesome.com/releases/v5.0.12/css/all.css]
[zenon.network/legacy/content/site/content/base/zenon/css/fonts/linecons.svg]
[zenon.network/legacy/content/site/content/base/zenon/css/fonts/steadysets.svg]
[zenon.network/legacy/content/site/content/base/zenon/css-clean/fonts/iconsmind218a.html]
[zenon.network/legacy/content/site/content/base/zenon/css-clean/fonts/iconsmind218a-2.html]
[zenon.network/legacy/content/site/content/base/zenon/css-clean/fonts/iconsmind218a-3.html]
[zenon.network/legacy/content/site/content/base/zenon/css-clean/fonts/iconsmind218a-4.html]
[zenon.network/legacy/content/site/content/base/zenon/css-clean/demo/zenon-product/wp-content/plugins/js_composer_zenon/assets/fonts/vc_icons/fonts/VC-Icons.html]
[zenon.network/legacy/content/site/content/base/zenon/css-clean/demo/zenon-product/wp-content/plugins/js_composer_zenon/assets/fonts/vc_icons/fonts/VC-Icons-2.html]
[zenon.network/legacy/content/site/content/base/zenon/css-clean/demo/zenon-product/wp-content/plugins/js_composer_zenon/assets/fonts/vc_icons/fonts/VC-Icons-3.html]
[zenon.network/legacy/content/site/content/base/zenon/css-clean/demo/zenon-product/wp-content/plugins/js_composer_zenon/assets/fonts/vc_grid/vc_grid_v1.html]
[zenon.network/legacy/content/site/content/base/zenon/css-clean/demo/zenon-product/wp-content/plugins/js_composer_zenon/assets/fonts/vc_grid/vc_grid_v1-2.html]
[zenon.network/legacy/content/site/content/base/zenon/css-clean/demo/zenon-product/wp-content/plugins/js_composer_zenon/assets/fonts/vc_grid/vc_grid_v1-3.html]
[zenon.network/legacy/content/site/content/base/zenon/css-clean/demo/zenon-product/wp-content/plugins/js_composer_zenon/assets/fonts/vc_grid/vc_grid_v1-4.html]
[cdn.zenon.network/res/extraa9f2.js]
[zenon.network/content/site/content/base/zenon/css/fonts/linecons.eot]
[zenon.network/content/site/content/base/zenon/css/fonts/linecons.ttf]
[zenon.network/content/site/content/base/zenon/css/fonts/linecons.woff]
[zenon.network/content/site/content/base/zenon/css/fonts/linecons.svg]
[zenon.network/content/site/content/base/zenon/css/fonts/steadysets.eot]
[zenon.network/content/site/content/base/zenon/css/fonts/steadysets.ttf]
[zenon.network/content/site/content/base/zenon/css/fonts/steadysets.woff]
[zenon.network/content/site/content/base/zenon/css/fonts/steadysets.svg]
[zenon.network/content/site/content/base/zenon/css-clean/fonts/iconsmind218a.eot]
[zenon.network/content/site/content/base/zenon/css-clean/fonts/iconsmind218a.ttf]
[zenon.network/content/site/content/base/zenon/css-clean/fonts/iconsmind218a.woff]
[zenon.network/content/site/content/base/zenon/css-clean/fonts/iconsmind218a.svg]
[zenon.network/content/site/content/base/zenon/css-clean/demo/zenon-product/wp-content/plugins/js_composer_zenon/assets/fonts/vc_icons/fonts/VC-Icons.ttf]
[zenon.network/content/site/content/base/zenon/css-clean/demo/zenon-product/wp-content/plugins/js_composer_zenon/assets/fonts/vc_icons/fonts/VC-Icons.woff]
[zenon.network/content/site/content/base/zenon/css-clean/demo/zenon-product/wp-content/plugins/js_composer_zenon/assets/fonts/vc_icons/fonts/VC-Icons.svg]
[zenon.network/content/site/content/base/zenon/css-clean/demo/zenon-product/wp-content/plugins/js_composer_zenon/assets/fonts/vc_grid/vc_grid_v1.eot]
[zenon.network/content/site/content/base/zenon/css-clean/demo/zenon-product/wp-content/plugins/js_composer_zenon/assets/fonts/vc_grid/vc_grid_v1.woff]
[zenon.network/content/site/content/base/zenon/css-clean/demo/zenon-product/wp-content/plugins/js_composer_zenon/assets/fonts/vc_grid/vc_grid_v1.ttf]
[zenon.network/content/site/content/base/zenon/css-clean/demo/zenon-product/wp-content/plugins/js_composer_zenon/assets/fonts/vc_grid/vc_grid_v1.svg]
[zenon.network/content/site/content/base/zenon/css-clean/extra.css]
[zenon.network/content/site/content/base/zenon/css/fonts/OpenSans-Light-webfont.svg]
[zenon.network/content/site/content/base/zenon/css/fonts/OpenSans-Regular-webfont.svg]
[zenon.network/content/site/content/base/zenon/css/fonts/OpenSans-Semibold-webfont.svg]
[zenon.network/content/site/content/base/zenon/css/fonts/OpenSansBold-webfont.svg]
[zenon.network/content/site/content/base/zenon/css/fonts/icomoon.svg]
[zenon.network/favicon/apple-touch-icon.png]
[zenon.network/favicon/favicon-32x32.png]
[zenon.network/favicon/favicon-16x16.png]
[zenon.network/favicon/safari-pinned-tab.svg]
[zenon.network/res/play.svg]
[zenon.network/anims/medium/qsr/images/web027.jpg]
[zenon.network/portal.html]
[zenon.network/incubator.html]
[zenon.network/tracker.html]
[zenon.network/quasar.html]
[zenon.network/faq.html]
[cdn.zenon.network/res/bullet.png]
[cdn.zenon.network/content/site/content/base/zenon/css-clean/fonts/iconsmind218a.eot]
[cdn.zenon.network/content/site/content/base/zenon/css-clean/fonts/iconsmind218a.ttf]
[cdn.zenon.network/content/site/content/base/zenon/css-clean/fonts/iconsmind218a.woff]
[cdn.zenon.network/content/site/content/base/zenon/css-clean/fonts/iconsmind218a.svg]
[cdn.zenon.network/content/site/content/base/zenon/css-clean/demo/zenon-product/wp-content/plugins/js_composer_zenon/assets/fonts/vc_icons/fonts/VC-Icons.ttf]
[cdn.zenon.network/content/site/content/base/zenon/css-clean/demo/zenon-product/wp-content/plugins/js_composer_zenon/assets/fonts/vc_icons/fonts/VC-Icons.woff]
[cdn.zenon.network/content/site/content/base/zenon/css-clean/demo/zenon-product/wp-content/plugins/js_composer_zenon/assets/fonts/vc_icons/fonts/VC-Icons.svg]
[cdn.zenon.network/content/site/content/base/zenon/css-clean/demo/zenon-product/wp-content/plugins/js_composer_zenon/assets/fonts/vc_grid/vc_grid_v1.eot]
[cdn.zenon.network/content/site/content/base/zenon/css-clean/demo/zenon-product/wp-content/plugins/js_composer_zenon/assets/fonts/vc_grid/vc_grid_v1.woff]
[cdn.zenon.network/content/site/content/base/zenon/css-clean/demo/zenon-product/wp-content/plugins/js_composer_zenon/assets/fonts/vc_grid/vc_grid_v1.ttf]
[cdn.zenon.network/content/site/content/base/zenon/css-clean/demo/zenon-product/wp-content/plugins/js_composer_zenon/assets/fonts/vc_grid/vc_grid_v1.svg]
[cdn.zenon.network/content/site/content/base/zenon/css-clean/extraa9f2.css]
[zenon.network/legacy/res/play.svg]
[zenon.network/wallet.html]
[zenon.network/content/site/content/base/zenon/css/fonts/linecons.svg]
[zenon.network/content/site/content/base/zenon/css/fonts/steadysets.svg]
[zenon.network/content/site/content/base/zenon/css-clean/fonts/iconsmind218a.html]
[zenon.network/content/site/content/base/zenon/css-clean/fonts/iconsmind218a-2.html]
[zenon.network/content/site/content/base/zenon/css-clean/fonts/iconsmind218a-3.html]
[zenon.network/content/site/content/base/zenon/css-clean/fonts/iconsmind218a-4.html]
[zenon.network/content/site/content/base/zenon/css-clean/demo/zenon-product/wp-content/plugins/js_composer_zenon/assets/fonts/vc_icons/fonts/VC-Icons.html]
[zenon.network/content/site/content/base/zenon/css-clean/demo/zenon-product/wp-content/plugins/js_composer_zenon/assets/fonts/vc_icons/fonts/VC-Icons-2.html]
[zenon.network/content/site/content/base/zenon/css-clean/demo/zenon-product/wp-content/plugins/js_composer_zenon/assets/fonts/vc_icons/fonts/VC-Icons-3.html]
[zenon.network/content/site/content/base/zenon/css-clean/demo/zenon-product/wp-content/plugins/js_composer_zenon/assets/fonts/vc_grid/vc_grid_v1.html]
[zenon.network/content/site/content/base/zenon/css-clean/demo/zenon-product/wp-content/plugins/js_composer_zenon/assets/fonts/vc_grid/vc_grid_v1-2.html]
[zenon.network/content/site/content/base/zenon/css-clean/demo/zenon-product/wp-content/plugins/js_composer_zenon/assets/fonts/vc_grid/vc_grid_v1-3.html]
[zenon.network/content/site/content/base/zenon/css-clean/demo/zenon-product/wp-content/plugins/js_composer_zenon/assets/fonts/vc_grid/vc_grid_v1-4.html]
[zenon.network/favicon/site.html]
[zenon.network/favicon/safari-pinned-tab.svg]
[zenon.network/res/play.svg]
[zenon.network/portal.html]
[zenon.network/incubator.html]
[zenon.network/tracker.html]
[zenon.network/faq.html]
[cdn.zenon.network/content/site/content/base/zenon/css-clean/fonts/iconsmind218a.html]
[cdn.zenon.network/content/site/content/base/zenon/css-clean/fonts/iconsmind218a-2.html]
[cdn.zenon.network/content/site/content/base/zenon/css-clean/fonts/iconsmind218a-3.html]
[cdn.zenon.network/content/site/content/base/zenon/css-clean/fonts/iconsmind218a-4.html]
[cdn.zenon.network/content/site/content/base/zenon/css-clean/demo/zenon-product/wp-content/plugins/js_composer_zenon/assets/fonts/vc_icons/fonts/VC-Icons.html]
[cdn.zenon.network/content/site/content/base/zenon/css-clean/demo/zenon-product/wp-content/plugins/js_composer_zenon/assets/fonts/vc_icons/fonts/VC-Icons-2.html]
[cdn.zenon.network/content/site/content/base/zenon/css-clean/demo/zenon-product/wp-content/plugins/js_composer_zenon/assets/fonts/vc_icons/fonts/VC-Icons-3.html]
[cdn.zenon.network/content/site/content/base/zenon/css-clean/demo/zenon-product/wp-content/plugins/js_composer_zenon/assets/fonts/vc_grid/vc_grid_v1.html]
[cdn.zenon.network/content/site/content/base/zenon/css-clean/demo/zenon-product/wp-content/plugins/js_composer_zenon/assets/fonts/vc_grid/vc_grid_v1-2.html]
[cdn.zenon.network/content/site/content/base/zenon/css-clean/demo/zenon-product/wp-content/plugins/js_composer_zenon/assets/fonts/vc_grid/vc_grid_v1-3.html]
[cdn.zenon.network/content/site/content/base/zenon/css-clean/demo/zenon-product/wp-content/plugins/js_composer_zenon/assets/fonts/vc_grid/vc_grid_v1-4.html]
